node.exe : FAIL src/__test
s__/ruleBuilder.test.js
At line:1 char:1
+ & "C:\Program 
Files\nodejs/node.exe" 
"C:\Program 
Files\nodejs/node_mo ...
+ ~~~~~~~~~~~~~~~~~~~~~~~~
~~~~~~~~~~~~~~~~~~~~~~~~~~
~~~~~~~~~~~~~~~~~~~
    + CategoryInfo        
      : NotSpecified: (F  
  AIL src/__tests__/rul   
 eBuilder.test.js:Stri    
ng) [], RemoteExcepti    
on
    + FullyQualifiedError 
   Id : NativeCommandErr  
  or
 
  ΓùÅ Test suite failed 
to run

    Cannot find module 
'ollama' from 'src/__tests
__/ruleBuilder.test.js'

    [0m [90m 26 |[39m
     [90m 27 |[39m 
[90m// Mock Ollama[39m
    
[31m[1m>[22m[39m[90m 
28 |[39m jest[33m.[39mm
ock([32m'ollama'[39m[33
m,[39m () [33m=>[39m ({
     [90m    |[39m      
[31m[1m^[22m[39m
     [90m 29 |[39m     
chat[33m:[39m 
jest[33m.[39mfn()
     [90m 30 |[39m 
}))[33m;[39m
     [90m 31 |[39m[0m

      at Resolver._throwMo
dNotFoundError (node_modul
es/jest-resolve/build/reso
lver.js:427:11)
      at Object.mock (src/
__tests__/ruleBuilder.test
.js:28:6)

Test Suites: 1 failed, 1 
total
Tests:       0 total
Snapshots:   0 total
Time:        0.879 s
Ran all test suites 
matching /ruleBuilder/i.
Force exiting Jest: Have 
you considered using 
`--detectOpenHandles` to 
detect async operations 
that kept running after 
all tests finished?
